// Jest Snapshot v1, https://goo.gl/fbAQLP

exports[`SearchForm should match the snapshot with all data passed in correctly 1`] = `
<nav
  className="nav"
>
  <h1>
    What's 
    <span>
       New? 
    </span>
  </h1>
  <input
    className="search-input"
    name="search"
    onChange={[Function]}
    placeholder="Search for news here"
    type="text"
    value=""
  />
  <button
    className="search-submit"
    onClick={[Function]}
  >
    Search
  </button>
</nav>
`;
